\BOOKMARK [0][-]{chapter*.2}{\376\377\000L\036\335\000i\000\040\000c\036\243\000m\000\040\001\241\000n}{}% 1
\BOOKMARK [0][-]{chapter*.3}{\376\377\000T\000\363\000m\000\040\000t\036\257\000t\000\040\000d\036\361\000\040\000\341\000n}{}% 2
\BOOKMARK [0][-]{chapter*.4}{\376\377\000A\000b\000s\000t\000r\000a\000c\000t}{}% 3
\BOOKMARK [0][-]{chapter*.5}{\376\377\000R\000\351\000s\000u\000m\000\351\000\040\000d\000e\000\040\000t\000h\000\350\000s\000e}{}% 4
\BOOKMARK [0][-]{chapter*.9}{\376\377\000D\000A\000N\000H\000\040\000M\036\344\000C\000\040\000K\000\335\000\040\000H\000I\036\306\000U\000\040\000V\000\300\000\040\000C\000H\036\356\000\040\000V\000I\036\276\000T\000\040\000T\036\256\000T}{}% 5
\BOOKMARK [0][-]{chapter.1}{\376\377\000G\000i\036\333\000i\000\040\000T\000h\000i\036\307\000u\000\040\000T\000e\000m\000p\000l\000a\000t\000e\000\040\000\046\000\040\000H\001\260\036\333\000n\000g\000\040\000D\036\253\000n\000\040\000C\000\340\000i\000\040\001\020\036\267\000t}{}% 6
\BOOKMARK [1][-]{section.1.1}{\376\377\000G\000i\036\333\000i\000\040\000t\000h\000i\036\307\000u\000\040\000H\000C\000M\000U\000T\000-\000D\000E\000E\000\040\000T\000h\000e\000s\000i\000s\000\040\000K\000i\000t}{chapter.1}% 7
\BOOKMARK [1][-]{section.1.2}{\376\377\000C\036\245\000u\000\040\000t\000r\000\372\000c\000\040\000t\000h\001\260\000\040\000m\036\345\000c}{chapter.1}% 8
\BOOKMARK [1][-]{section.1.3}{\376\377\000C\000\340\000i\000\040\001\021\036\267\000t\000\040\000m\000\364\000i\000\040\000t\000r\001\260\036\335\000n\000g}{chapter.1}% 9
\BOOKMARK [2][-]{subsection.1.3.1}{\376\377\000C\000\341\000c\000h\000\040\0001\000:\000\040\000S\036\355\000\040\000d\036\345\000n\000g\000\040\000O\000v\000e\000r\000l\000e\000a\000f\000\040\000\050\000K\000h\000u\000y\036\277\000n\000\040\000n\000g\000h\036\313\000\051}{section.1.3}% 10
\BOOKMARK [2][-]{subsection.1.3.2}{\376\377\000C\000\341\000c\000h\000\040\0002\000:\000\040\000T\000e\000X\000S\000t\000u\000d\000i\000o\000\040\000+\000\040\000M\000i\000K\000T\000e\000X\000\040\000\050\000W\000i\000n\000d\000o\000w\000s\000\051}{section.1.3}% 11
\BOOKMARK [2][-]{subsection.1.3.3}{\376\377\000C\000\341\000c\000h\000\040\0003\000:\000\040\000V\000S\000\040\000C\000o\000d\000e\000\040\000+\000\040\000L\000a\000T\000e\000X\000\040\000W\000o\000r\000k\000s\000h\000o\000p}{section.1.3}% 12
\BOOKMARK [1][-]{section.1.4}{\376\377\000B\000i\000\352\000n\000\040\000d\036\313\000c\000h\000\040\000l\036\247\000n\000\040\001\021\036\247\000u}{chapter.1}% 13
\BOOKMARK [1][-]{section.1.5}{\376\377\000C\000h\036\311\000n\000h\000\040\000s\036\355\000a\000\040\000t\000h\000\364\000n\000g\000\040\000t\000i\000n\000\040\000c\000\341\000\040\000n\000h\000\342\000n}{chapter.1}% 14
\BOOKMARK [0][-]{chapter.2}{\376\377\000S\000o\036\241\000n\000\040\000T\000h\036\243\000o\000\040\000N\036\331\000i\000\040\000D\000u\000n\000g\000\040\000L\000a\000T\000e\000X\000\040\000C\001\241\000\040\000B\036\243\000n}{}% 15
\BOOKMARK [1][-]{section.2.1}{\376\377\000C\036\245\000u\000\040\000t\000r\000\372\000c\000\040\000h\000e\000a\000d\000i\000n\000g}{chapter.2}% 16
\BOOKMARK [1][-]{section.2.2}{\376\377\001\020\000o\036\241\000n\000\040\000v\001\003\000n\000\040\000v\000\340\000\040\000x\000u\036\321\000n\000g\000\040\000d\000\362\000n\000g}{chapter.2}% 17
\BOOKMARK [1][-]{section.2.3}{\376\377\000D\000a\000n\000h\000\040\000s\000\341\000c\000h}{chapter.2}% 18
\BOOKMARK [2][-]{subsection.2.3.1}{\376\377\000D\000a\000n\000h\000\040\000s\000\341\000c\000h\000\040\000k\000h\000\364\000n\000g\000\040\001\021\000\341\000n\000h\000\040\000s\036\321\000\040\000\050\000i\000t\000e\000m\000i\000z\000e\000\051}{section.2.3}% 19
\BOOKMARK [2][-]{subsection.2.3.2}{\376\377\000D\000a\000n\000h\000\040\000s\000\341\000c\000h\000\040\001\021\000\341\000n\000h\000\040\000s\036\321\000\040\000\050\000e\000n\000u\000m\000e\000r\000a\000t\000e\000\051}{section.2.3}% 20
\BOOKMARK [1][-]{section.2.4}{\376\377\001\020\036\313\000n\000h\000\040\000d\036\241\000n\000g\000\040\000v\001\003\000n\000\040\000b\036\243\000n}{chapter.2}% 21
\BOOKMARK [1][-]{section.2.5}{\376\377\000F\000o\000o\000t\000n\000o\000t\000e\000\040\000\050\000G\000h\000i\000\040\000c\000h\000\372\000\040\000c\000h\000\342\000n\000\040\000t\000r\000a\000n\000g\000\051}{chapter.2}% 22
\BOOKMARK [1][-]{section.2.6}{\376\377\000T\000h\000a\000m\000\040\000c\000h\000i\036\277\000u\000\040\000c\000h\000\351\000o\000\040\000\050\000C\000r\000o\000s\000s\000-\000r\000e\000f\000e\000r\000e\000n\000c\000e\000\051}{chapter.2}% 23
\BOOKMARK [1][-]{section.2.7}{\376\377\000V\000i\036\277\000t\000\040\000t\000i\036\277\000n\000g\000\040\000V\000i\036\307\000t\000\040\000t\000r\000o\000n\000g\000\040\000L\000a\000T\000e\000X}{chapter.2}% 24
\BOOKMARK [0][-]{chapter.3}{\376\377\000H\000\354\000n\000h\000\040\036\242\000n\000h\000,\000\040\000B\036\243\000n\000g\000\040\000B\000i\036\303\000u\000\040\000\046\000\040\000C\000\364\000n\000g\000\040\000T\000h\036\351\000c\000\040\000T\000o\000\341\000n}{}% 25
\BOOKMARK [1][-]{section.3.1}{\376\377\000C\000h\000\350\000n\000\040\000h\000\354\000n\000h\000\040\036\243\000n\000h}{chapter.3}% 26
\BOOKMARK [2][-]{subsection.3.1.1}{\376\377\000H\000\354\000n\000h\000\040\036\243\000n\000h\000\040\001\021\001\241\000n}{section.3.1}% 27
\BOOKMARK [2][-]{subsection.3.1.2}{\376\377\000H\000\354\000n\000h\000\040\036\243\000n\000h\000\040\000c\000o\000n\000\040\000\050\000s\000u\000b\000f\000i\000g\000u\000r\000e\000\051}{section.3.1}% 28
\BOOKMARK [2][-]{subsection.3.1.3}{\376\377\001\020\036\313\000n\000h\000\040\000d\036\241\000n\000g\000\040\000h\000\354\000n\000h\000\040\036\243\000n\000h\000\040\001\021\001\260\036\343\000c\000\040\000h\036\327\000\040\000t\000r\036\343}{section.3.1}% 29
\BOOKMARK [1][-]{section.3.2}{\376\377\000B\036\243\000n\000g\000\040\000b\000i\036\303\000u}{chapter.3}% 30
\BOOKMARK [2][-]{subsection.3.2.1}{\376\377\000B\036\243\000n\000g\000\040\001\021\001\241\000n\000\040\000g\000i\036\243\000n\000\040\000v\036\333\000i\000\040\000b\000o\000o\000k\000t\000a\000b\000s}{section.3.2}% 31
\BOOKMARK [2][-]{subsection.3.2.2}{\376\377\000B\036\243\000n\000g\000\040\000d\000\340\000i\000\040\000\050\000l\000o\000n\000g\000t\000a\000b\000l\000e\000\051}{section.3.2}% 32
\BOOKMARK [2][-]{subsection.3.2.3}{\376\377\000B\036\243\000n\000g\000\040\000n\000g\000a\000n\000g\000\040\000t\000r\000a\000n\000g\000\040\000\050\000l\000a\000n\000d\000s\000c\000a\000p\000e\000\051}{section.3.2}% 33
\BOOKMARK [1][-]{section.3.3}{\376\377\000C\000\364\000n\000g\000\040\000t\000h\036\351\000c\000\040\000t\000o\000\341\000n}{chapter.3}% 34
\BOOKMARK [2][-]{subsection.3.3.1}{\376\377\000C\000\364\000n\000g\000\040\000t\000h\036\351\000c\000\040\000i\000n\000l\000i\000n\000e\000\040\000v\000\340\000\040\000d\000i\000s\000p\000l\000a\000y}{section.3.3}% 35
\BOOKMARK [2][-]{subsection.3.3.2}{\376\377\000C\000\364\000n\000g\000\040\000t\000h\036\351\000c\000\040\001\021\000\341\000n\000h\000\040\000s\036\321}{section.3.3}% 36
\BOOKMARK [2][-]{subsection.3.3.3}{\376\377\000H\036\307\000\040\000p\000h\001\260\001\241\000n\000g\000\040\000t\000r\000\354\000n\000h\000\040\000\050\000a\000l\000i\000g\000n\000\051}{section.3.3}% 37
\BOOKMARK [2][-]{subsection.3.3.4}{\376\377\000M\000a\000\040\000t\000r\036\255\000n}{section.3.3}% 38
\BOOKMARK [1][-]{section.3.4}{\376\377\000T\000h\000u\036\255\000t\000\040\000t\000o\000\341\000n\000\040\000\050\000a\000l\000g\000o\000r\000i\000t\000h\000m\0002\000e\000\051}{chapter.3}% 39
\BOOKMARK [0][-]{chapter.4}{\376\377\000Q\000u\036\243\000n\000\040\000L\000\375\000\040\000T\000\340\000i\000\040\000L\000i\036\307\000u\000\040\000T\000h\000a\000m\000\040\000K\000h\036\243\000o\000\040\000C\000h\000u\036\251\000n\000\040\000I\000E\000E\000E}{}% 40
\BOOKMARK [1][-]{section.4.1}{\376\377\000T\036\325\000n\000g\000\040\000q\000u\000a\000n\000\040\000v\036\301\000\040\000B\000i\000b\000T\000e\000X}{chapter.4}% 41
\BOOKMARK [1][-]{section.4.2}{\376\377\000C\036\245\000u\000\040\000t\000r\000\372\000c\000\040\000f\000i\000l\000e\000\040\000.\000b\000i\000b}{chapter.4}% 42
\BOOKMARK [2][-]{subsection.4.2.1}{\376\377\000B\000\340\000i\000\040\000b\000\341\000o\000\040\000t\036\241\000p\000\040\000c\000h\000\355\000\040\000\050\000@\000a\000r\000t\000i\000c\000l\000e\000\051}{section.4.2}% 43
\BOOKMARK [2][-]{subsection.4.2.2}{\376\377\000B\000\340\000i\000\040\000c\000o\000n\000f\000e\000r\000e\000n\000c\000e\000\040\000\050\000@\000i\000n\000p\000r\000o\000c\000e\000e\000d\000i\000n\000g\000s\000\051}{section.4.2}% 44
\BOOKMARK [2][-]{subsection.4.2.3}{\376\377\000S\000\341\000c\000h\000\040\000\050\000@\000b\000o\000o\000k\000\051}{section.4.2}% 45
\BOOKMARK [2][-]{subsection.4.2.4}{\376\377\000L\000u\036\255\000n\000\040\000v\001\003\000n\000\040\000/\000\040\001\020\036\323\000\040\000\341\000n\000\040\000\050\000@\000m\000a\000s\000t\000e\000r\000s\000t\000h\000e\000s\000i\000s\000,\000\040\000@\000p\000h\000d\000t\000h\000e\000s\000i\000s\000\051}{section.4.2}% 46
\BOOKMARK [2][-]{subsection.4.2.5}{\376\377\000W\000e\000b\000s\000i\000t\000e\000\040\000\050\000@\000o\000n\000l\000i\000n\000e\000\040\000h\000o\036\267\000c\000\040\000@\000m\000i\000s\000c\000\051}{section.4.2}% 47
\BOOKMARK [1][-]{section.4.3}{\376\377\000C\000\341\000c\000h\000\040\000t\000r\000\355\000c\000h\000\040\000d\036\253\000n\000\040\000t\000r\000o\000n\000g\000\040\000v\001\003\000n\000\040\000b\036\243\000n}{chapter.4}% 48
\BOOKMARK [2][-]{subsection.4.3.1}{\376\377\000V\000\355\000\040\000d\036\345\000\040\000t\000h\036\361\000c\000\040\000t\036\277\000\040\000t\000r\000\355\000c\000h\000\040\000d\036\253\000n\000\040\000s\000\341\000c\000h\000\040\000g\000i\000\341\000o\000\040\000t\000r\000\354\000n\000h\000\040\000t\000i\036\277\000n\000g\000\040\000V\000i\036\307\000t}{section.4.3}% 49
\BOOKMARK [1][-]{section.4.4}{\376\377\000L\036\245\000y\000\040\000B\000i\000b\000T\000e\000X\000\040\000n\000h\000a\000n\000h}{chapter.4}% 50
\BOOKMARK [2][-]{subsection.4.4.1}{\376\377\000T\036\353\000\040\000G\000o\000o\000g\000l\000e\000\040\000S\000c\000h\000o\000l\000a\000r}{section.4.4}% 51
\BOOKMARK [2][-]{subsection.4.4.2}{\376\377\000T\036\353\000\040\000Z\000o\000t\000e\000r\000o\000\040\000/\000\040\000M\000e\000n\000d\000e\000l\000e\000y}{section.4.4}% 52
\BOOKMARK [1][-]{section.4.5}{\376\377\000L\001\260\000u\000\040\000\375\000\040\000t\000h\001\260\036\335\000n\000g\000\040\000g\036\267\000p}{chapter.4}% 53
\BOOKMARK [0][-]{chapter.5}{\376\377\000P\000h\036\345\000\040\000L\036\345\000c\000,\000\040\000M\000\343\000\040\000N\000g\000u\036\323\000n\000\040\000\046\000\040\000L\000i\000s\000t\000i\000n\000g\000\040\000C\000o\000d\000e}{}% 54
\BOOKMARK [1][-]{section.5.1}{\376\377\000V\000i\036\277\000t\000\040\000p\000h\036\345\000\040\000l\036\345\000c}{chapter.5}% 55
\BOOKMARK [1][-]{section.5.2}{\376\377\000C\000h\000\350\000n\000\040\000m\000\343\000\040\000n\000g\000u\036\323\000n\000\040\000v\036\333\000i\000\040\000l\000i\000s\000t\000i\000n\000g\000s}{chapter.5}% 56
\BOOKMARK [2][-]{subsection.5.2.1}{\376\377\000P\000y\000t\000h\000o\000n\000\040\000\050\000p\000y\000t\000h\000o\000n\000s\000t\000y\000l\000e\000\051}{section.5.2}% 57
\BOOKMARK [2][-]{subsection.5.2.2}{\376\377\000M\000A\000T\000L\000A\000B\000\040\000\050\000m\000a\000t\000l\000a\000b\000s\000t\000y\000l\000e\000\051}{section.5.2}% 58
\BOOKMARK [2][-]{subsection.5.2.3}{\376\377\000C\000/\000C\000+\000+\000\040\000\050\000c\000s\000t\000y\000l\000e\000\051}{section.5.2}% 59
\BOOKMARK [2][-]{subsection.5.2.4}{\376\377\000P\000L\000C\000\040\000S\000t\000r\000u\000c\000t\000u\000r\000e\000d\000\040\000T\000e\000x\000t\000\040\000\050\000p\000l\000c\000s\000t\000y\000l\000e\000\051}{section.5.2}% 60
\BOOKMARK [1][-]{section.5.3}{\376\377\000C\000h\000\350\000n\000\040\000f\000i\000l\000e\000\040\000c\000o\000d\000e\000\040\000b\000\352\000n\000\040\000n\000g\000o\000\340\000i}{chapter.5}% 61
\BOOKMARK [1][-]{section.5.4}{\376\377\001\020\000\355\000n\000h\000\040\000k\000\350\000m\000\040\000P\000D\000F\000\040\000b\000\352\000n\000\040\000n\000g\000o\000\340\000i}{chapter.5}% 62
\BOOKMARK [0][-]{chapter.6}{\376\377\000F\000A\000Q\000,\000\040\000M\036\271\000o\000\040\000\046\000\040\000X\036\355\000\040\000L\000\375\000\040\000L\036\327\000i\000\040\000T\000h\001\260\036\335\000n\000g\000\040\000G\036\267\000p}{}% 63
\BOOKMARK [1][-]{section.6.1}{\376\377\000L\036\327\000i\000\040\000b\000i\000\352\000n\000\040\000d\036\313\000c\000h\000\040\000p\000h\036\325\000\040\000b\000i\036\277\000n}{chapter.6}% 64
\BOOKMARK [2][-]{subsection.6.1.1}{\376\377\000U\000n\000d\000e\000f\000i\000n\000e\000d\000\040\000c\000o\000n\000t\000r\000o\000l\000\040\000s\000e\000q\000u\000e\000n\000c\000e}{section.6.1}% 65
\BOOKMARK [2][-]{subsection.6.1.2}{\376\377\000M\000i\000s\000s\000i\000n\000g\000\040\000\044\000\040\000i\000n\000s\000e\000r\000t\000e\000d}{section.6.1}% 66
\BOOKMARK [2][-]{subsection.6.1.3}{\376\377\000F\000i\000l\000e\000\040\000n\000o\000t\000\040\000f\000o\000u\000n\000d}{section.6.1}% 67
\BOOKMARK [2][-]{subsection.6.1.4}{\376\377\000L\000a\000T\000e\000X\000\040\000E\000r\000r\000o\000r\000:\000\040\000T\000o\000o\000\040\000m\000a\000n\000y\000\040\000u\000n\000p\000r\000o\000c\000e\000s\000s\000e\000d\000\040\000f\000l\000o\000a\000t\000s}{section.6.1}% 68
\BOOKMARK [1][-]{section.6.2}{\376\377\000B\036\243\000n\000g\000\040\000t\000r\000\340\000n\000\040\000l\036\301}{chapter.6}% 69
\BOOKMARK [1][-]{section.6.3}{\376\377\000F\000o\000n\000t\000\040\000t\000i\036\277\000n\000g\000\040\000V\000i\036\307\000t\000\040\000b\036\313\000\040\000l\036\327\000i}{chapter.6}% 70
\BOOKMARK [1][-]{section.6.4}{\376\377\000O\000v\000e\000r\000l\000e\000a\000f\000\040\000t\000i\000m\000e\000o\000u\000t}{chapter.6}% 71
\BOOKMARK [1][-]{section.6.5}{\376\377\000M\036\271\000o\000\040\000h\000a\000y}{chapter.6}% 72
\BOOKMARK [2][-]{subsection.6.5.1}{\376\377\000\134\000i\000n\000p\000u\000t\000\040\000v\000s\000\040\000\134\000i\000n\000c\000l\000u\000d\000e}{section.6.5}% 73
\BOOKMARK [2][-]{subsection.6.5.2}{\376\377\000B\000a\000c\000k\000u\000p\000\040\000v\036\333\000i\000\040\000G\000i\000t}{section.6.5}% 74
\BOOKMARK [2][-]{subsection.6.5.3}{\376\377\000C\000o\000m\000p\000i\000l\000e\000\040\000n\000h\000a\000n\000h\000\040\000h\001\241\000n}{section.6.5}% 75
\BOOKMARK [1][-]{section.6.6}{\376\377\000S\036\355\000\040\000d\036\345\000n\000g\000\040\000A\000I\000\040\000h\036\327\000\040\000t\000r\036\343\000\040\000v\000i\036\277\000t\000\040\001\021\036\323\000\040\000\341\000n}{chapter.6}% 76
\BOOKMARK [1][-]{section.6.7}{\376\377\000L\000i\000\352\000n\000\040\000h\036\307\000\040\000\046\000\040\001\021\000\363\000n\000g\000\040\000g\000\363\000p}{chapter.6}% 77
\BOOKMARK [0][-]{appendix.A}{\376\377\000P\000h\036\345\000\040\000l\036\345\000c\000\040\000m\036\253\000u}{}% 78
\BOOKMARK [1][-]{section.A.1}{\376\377\000V\000\355\000\040\000d\036\345\000\040\000m\000\343\000\040\000n\000g\000u\036\323\000n\000\040\000P\000y\000t\000h\000o\000n}{appendix.A}% 79
\BOOKMARK [1][-]{section.A.2}{\376\377\000V\000\355\000\040\000d\036\345\000\040\000b\036\243\000n\000g\000\040\000d\036\357\000\040\000l\000i\036\307\000u}{appendix.A}% 80
\BOOKMARK [0][-]{appendix.B}{\376\377\000D\000a\000n\000h\000\040\000s\000\341\000c\000h\000\040\000l\036\307\000n\000h\000\040\000v\000\340\000\040\000H\001\260\036\333\000n\000g\000\040\000d\036\253\000n\000\040\000s\036\355\000\040\000d\036\345\000n\000g\000\040\000n\000h\000a\000n\000h}{}% 81
\BOOKMARK [1][-]{section.B.1}{\376\377\000C\000\341\000c\000\040\000l\036\307\000n\000h\000\040\000k\000h\000a\000i\000\040\000b\000\341\000o\000\040\000t\000h\000\364\000n\000g\000\040\000t\000i\000n\000\040\000h\036\315\000c\000\040\000v\000i\000\352\000n\000\040\000\050\000M\000e\000t\000a\000d\000a\000t\000a\000\051}{appendix.B}% 82
\BOOKMARK [2][-]{subsection.B.1.1}{\376\377\000K\000h\000a\000i\000\040\000b\000\341\000o\000\040\000b\036\257\000t\000\040\000b\000u\036\331\000c}{section.B.1}% 83
\BOOKMARK [2][-]{subsection.B.1.2}{\376\377\000K\000h\000a\000i\000\040\000b\000\341\000o\000\040\000t\000\371\000y\000\040\000c\000h\036\315\000n\000\040\000\050\000C\000\363\000\040\000s\036\265\000n\000\040\000g\000i\000\341\000\040\000t\000r\036\313\000\040\000m\036\267\000c\000\040\001\021\036\313\000n\000h\000\051}{section.B.1}% 84
\BOOKMARK [2][-]{subsection.B.1.3}{\376\377\000K\000h\000a\000i\000\040\000b\000\341\000o\000\040\000t\000h\000\340\000n\000h\000\040\000v\000i\000\352\000n\000\040\000H\036\331\000i\000\040\001\021\036\323\000n\000g\000\040\000c\000h\036\245\000m\000\040\000\050\000M\036\333\000i\000\040\000b\036\325\000\040\000s\000u\000n\000g\000\051}{section.B.1}% 85
\BOOKMARK [1][-]{section.B.2}{\376\377\000C\000\341\000c\000\040\000l\036\307\000n\000h\000\040\000s\000i\000n\000h\000\040\000t\000r\000a\000n\000g\000\040\000t\036\361\000\040\001\021\036\331\000n\000g\000\040\000\050\000P\000a\000g\000e\000\040\000G\000e\000n\000e\000r\000a\000t\000o\000r\000s\000\051}{appendix.B}% 86
\BOOKMARK [1][-]{section.B.3}{\376\377\000C\000\341\000c\000\040\000l\036\307\000n\000h\000\040\000l\036\245\000y\000\040\000d\036\357\000\040\000l\000i\036\307\000u\000\040\000a\000n\000\040\000t\000o\000\340\000n\000\040\000\050\000P\000u\000b\000l\000i\000c\000\040\000G\000e\000t\000t\000e\000r\000s\000\051}{appendix.B}% 87
\BOOKMARK [1][-]{section.B.4}{\376\377\000C\000\341\000c\000\040\000k\000i\036\303\000u\000\040\001\021\036\313\000n\000h\000\040\000d\036\241\000n\000g\000\040\000m\000\343\000\040\000n\000g\000u\036\323\000n\000\040\000\050\000C\000o\000d\000e\000\040\000L\000i\000s\000t\000i\000n\000g\000s\000\040\000S\000t\000y\000l\000e\000s\000\051}{appendix.B}% 88
\BOOKMARK [1][-]{section.B.5}{\376\377\000Q\000u\000y\000\040\000t\000r\000\354\000n\000h\000\040\000b\000i\000\352\000n\000\040\000d\036\313\000c\000h\000\040\0004\000\040\000b\001\260\036\333\000c\000\040\000t\000i\000\352\000u\000\040\000c\000h\000u\036\251\000n}{appendix.B}% 89
